// Jest Snapshot v1, https://goo.gl/fbAQLP

exports[`Source Maps should output an accurate source map 1`] = `
"m.vnode(\\"div\\",undefined,{className:\\"fooga\\"},[],undefined,undefined);
//# sourceMappingURL=data:application/json;charset=utf-8;base64,eyJ2ZXJzaW9uIjozLCJzb3VyY2VzIjpbInVua25vd24iXSwibmFtZXMiOltdLCJtYXBwaW5ncyI6IkFBQUEiLCJmaWxlIjoidW5rbm93biIsInNvdXJjZXNDb250ZW50IjpbIm0oXCIuZm9vZ2FcIikiXX0="
`;
